Archive member included to satisfy reference by file (symbol)

c:/st/stm32cubeide_1.7.0/stm32cubeide/plugins/com.st.stm32cube.ide.mcu.externaltools.gnu-tools-for-stm32.10.3-2021.10.win32_1.0.0.202111181127/tools/bin/../lib/gcc/arm-none-eabi/10.3.1/../../../../arm-none-eabi/lib/thumb/v7e-m/nofp\libc_nano.a(lib_a-errno.o)
                              ./Core/Src/syscalls.o (__errno)
c:/st/stm32cubeide_1.7.0/stm32cubeide/plugins/com.st.stm32cube.ide.mcu.externaltools.gnu-tools-for-stm32.10.3-2021.10.win32_1.0.0.202111181127/tools/bin/../lib/gcc/arm-none-eabi/10.3.1/../../../../arm-none-eabi/lib/thumb/v7e-m/nofp\libc_nano.a(lib_a-exit.o)
                              c:/st/stm32cubeide_1.7.0/stm32cubeide/plugins/com.st.stm32cube.ide.mcu.externaltools.gnu-tools-for-stm32.10.3-2021.10.win32_1.0.0.202111181127/tools/bin/../lib/gcc/arm-none-eabi/10.3.1/../../../../arm-none-eabi/lib/thumb/v7e-m/nofp/crt0.o (exit)
c:/st/stm32cubeide_1.7.0/stm32cubeide/plugins/com.st.stm32cube.ide.mcu.externaltools.gnu-tools-for-stm32.10.3-2021.10.win32_1.0.0.202111181127/tools/bin/../lib/gcc/arm-none-eabi/10.3.1/../../../../arm-none-eabi/lib/thumb/v7e-m/nofp\libc_nano.a(lib_a-impure.o)
                              c:/st/stm32cubeide_1.7.0/stm32cubeide/plugins/com.st.stm32cube.ide.mcu.externaltools.gnu-tools-for-stm32.10.3-2021.10.win32_1.0.0.202111181127/tools/bin/../lib/gcc/arm-none-eabi/10.3.1/../../../../arm-none-eabi/lib/thumb/v7e-m/nofp\libc_nano.a(lib_a-exit.o) (_global_impure_ptr)
c:/st/stm32cubeide_1.7.0/stm32cubeide/plugins/com.st.stm32cube.ide.mcu.externaltools.gnu-tools-for-stm32.10.3-2021.10.win32_1.0.0.202111181127/tools/bin/../lib/gcc/arm-none-eabi/10.3.1/../../../../arm-none-eabi/lib/thumb/v7e-m/nofp\libc_nano.a(lib_a-init.o)
                              c:/st/stm32cubeide_1.7.0/stm32cubeide/plugins/com.st.stm32cube.ide.mcu.externaltools.gnu-tools-for-stm32.10.3-2021.10.win32_1.0.0.202111181127/tools/bin/../lib/gcc/arm-none-eabi/10.3.1/../../../../arm-none-eabi/lib/thumb/v7e-m/nofp/crt0.o (__libc_init_array)
c:/st/stm32cubeide_1.7.0/stm32cubeide/plugins/com.st.stm32cube.ide.mcu.externaltools.gnu-tools-for-stm32.10.3-2021.10.win32_1.0.0.202111181127/tools/bin/../lib/gcc/arm-none-eabi/10.3.1/../../../../arm-none-eabi/lib/thumb/v7e-m/nofp\libc_nano.a(lib_a-memset.o)
                              c:/st/stm32cubeide_1.7.0/stm32cubeide/plugins/com.st.stm32cube.ide.mcu.externaltools.gnu-tools-for-stm32.10.3-2021.10.win32_1.0.0.202111181127/tools/bin/../lib/gcc/arm-none-eabi/10.3.1/../../../../arm-none-eabi/lib/thumb/v7e-m/nofp/crt0.o (memset)
c:/st/stm32cubeide_1.7.0/stm32cubeide/plugins/com.st.stm32cube.ide.mcu.externaltools.gnu-tools-for-stm32.10.3-2021.10.win32_1.0.0.202111181127/tools/bin/../lib/gcc/arm-none-eabi/10.3.1/../../../../arm-none-eabi/lib/thumb/v7e-m/nofp\libc_nano.a(lib_a-strlen.o)
                              ./Core/Src/main.o (strlen)
c:/st/stm32cubeide_1.7.0/stm32cubeide/plugins/com.st.stm32cube.ide.mcu.externaltools.gnu-tools-for-stm32.10.3-2021.10.win32_1.0.0.202111181127/tools/bin/../lib/gcc/arm-none-eabi/10.3.1/thumb/v7e-m/nofp\libgcc.a(_aeabi_uldivmod.o)
                              ./Drivers/STM32WLxx_HAL_Driver/stm32wlxx_hal_uart.o (__aeabi_uldivmod)
c:/st/stm32cubeide_1.7.0/stm32cubeide/plugins/com.st.stm32cube.ide.mcu.externaltools.gnu-tools-for-stm32.10.3-2021.10.win32_1.0.0.202111181127/tools/bin/../lib/gcc/arm-none-eabi/10.3.1/thumb/v7e-m/nofp\libgcc.a(_udivmoddi4.o)
                              c:/st/stm32cubeide_1.7.0/stm32cubeide/plugins/com.st.stm32cube.ide.mcu.externaltools.gnu-tools-for-stm32.10.3-2021.10.win32_1.0.0.202111181127/tools/bin/../lib/gcc/arm-none-eabi/10.3.1/thumb/v7e-m/nofp\libgcc.a(_aeabi_uldivmod.o) (__udivmoddi4)
c:/st/stm32cubeide_1.7.0/stm32cubeide/plugins/com.st.stm32cube.ide.mcu.externaltools.gnu-tools-for-stm32.10.3-2021.10.win32_1.0.0.202111181127/tools/bin/../lib/gcc/arm-none-eabi/10.3.1/thumb/v7e-m/nofp\libgcc.a(_dvmd_tls.o)
                              c:/st/stm32cubeide_1.7.0/stm32cubeide/plugins/com.st.stm32cube.ide.mcu.externaltools.gnu-tools-for-stm32.10.3-2021.10.win32_1.0.0.202111181127/tools/bin/../lib/gcc/arm-none-eabi/10.3.1/thumb/v7e-m/nofp\libgcc.a(_aeabi_uldivmod.o) (__aeabi_ldiv0)

Discarded input sections

 .text          0x0000000000000000        0x0 c:/st/stm32cubeide_1.7.0/stm32cubeide/plugins/com.st.stm32cube.ide.mcu.externaltools.gnu-tools-for-stm32.10.3-2021.10.win32_1.0.0.202111181127/tools/bin/../lib/gcc/arm-none-eabi/10.3.1/thumb/v7e-m/nofp/crti.o
 .data          0x0000000000000000        0x0 c:/st/stm32cubeide_1.7.0/stm32cubeide/plugins/com.st.stm32cube.ide.mcu.externaltools.gnu-tools-for-stm32.10.3-2021.10.win32_1.0.0.202111181127/tools/bin/../lib/gcc/arm-none-eabi/10.3.1/thumb/v7e-m/nofp/crti.o
[...]
Memory Configuration

Name             Origin             Length             Attributes
RAM              0x0000000020000000 0x0000000000008000 xrw
FLASH            0x0000000008000000 0x0000000000020000 xr
*default*        0x0000000000000000 0xffffffffffffffff

Linker script and memory map

LOAD c:/st/stm32cubeide_1.7.0/stm32cubeide/plugins/com.st.stm32cube.ide.mcu.externaltools.gnu-tools-for-stm32.10.3-2021.10.win32_1.0.0.202111181127/tools/bin/../lib/gcc/arm-none-eabi/10.3.1/thumb/v7e-m/nofp/crti.o
LOAD c:/st/stm32cubeide_1.7.0/stm32cubeide/plugins/com.st.stm32cube.ide.mcu.externaltools.gnu-tools-for-stm32.10.3-2021.10.win32_1.0.0.202111181127/tools/bin/../lib/gcc/arm-none-eabi/10.3.1/thumb/v7e-m/nofp/crtbegin.o
LOAD c:/st/stm32cubeide_1.7.0/stm32cubeide/plugins/com.st.stm32cube.ide.mcu.externaltools.gnu-tools-for-stm32.10.3-2021.10.win32_1.0.0.202111181127/tools/bin/../lib/gcc/arm-none-eabi/10.3.1/../../../../arm-none-eabi/lib/thumb/v7e-m/nofp/crt0.o
LOAD ./Common/System/system_stm32wlxx.o
LOAD ./Core/Src/main.o
LOAD ./Core/Src/stm32wlxx_hal_msp.o
LOAD ./Core/Src/stm32wlxx_it.o
LOAD ./Core/Src/syscalls.o
LOAD ./Core/Src/sysmem.o
LOAD ./Core/Startup/startup_stm32wl55jcix.o
LOAD ./Drivers/STM32WLxx_HAL_Driver/stm32wlxx_hal.o
LOAD ./Drivers/STM32WLxx_HAL_Driver/stm32wlxx_hal_cortex.o
LOAD ./Drivers/STM32WLxx_HAL_Driver/stm32wlxx_hal_dma.o
LOAD ./Drivers/STM32WLxx_HAL_Driver/stm32wlxx_hal_dma_ex.o
LOAD ./Drivers/STM32WLxx_HAL_Driver/stm32wlxx_hal_exti.o
LOAD ./Drivers/STM32WLxx_HAL_Driver/stm32wlxx_hal_flash.o
LOAD ./Drivers/STM32WLxx_HAL_Driver/stm32wlxx_hal_flash_ex.o
LOAD ./Drivers/STM32WLxx_HAL_Driver/stm32wlxx_hal_gpio.o
LOAD ./Drivers/STM32WLxx_HAL_Driver/stm32wlxx_hal_pwr.o
LOAD ./Drivers/STM32WLxx_HAL_Driver/stm32wlxx_hal_pwr_ex.o
LOAD ./Drivers/STM32WLxx_HAL_Driver/stm32wlxx_hal_rcc.o
LOAD ./Drivers/STM32WLxx_HAL_Driver/stm32wlxx_hal_rcc_ex.o
LOAD ./Drivers/STM32WLxx_HAL_Driver/stm32wlxx_hal_tim.o
LOAD ./Drivers/STM32WLxx_HAL_Driver/stm32wlxx_hal_tim_ex.o
LOAD ./Drivers/STM32WLxx_HAL_Driver/stm32wlxx_hal_uart.o
LOAD ./Drivers/STM32WLxx_HAL_Driver/stm32wlxx_hal_uart_ex.o
START GROUP
LOAD c:/st/stm32cubeide_1.7.0/stm32cubeide/plugins/com.st.stm32cube.ide.mcu.externaltools.gnu-tools-for-stm32.10.3-2021.10.win32_1.0.0.202111181127/tools/bin/../lib/gcc/arm-none-eabi/10.3.1/../../../../arm-none-eabi/lib/thumb/v7e-m/nofp\libc_nano.a
LOAD c:/st/stm32cubeide_1.7.0/stm32cubeide/plugins/com.st.stm32cube.ide.mcu.externaltools.gnu-tools-for-stm32.10.3-2021.10.win32_1.0.0.202111181127/tools/bin/../lib/gcc/arm-none-eabi/10.3.1/../../../../arm-none-eabi/lib/thumb/v7e-m/nofp\libm.a
END GROUP
START GROUP
LOAD c:/st/stm32cubeide_1.7.0/stm32cubeide/plugins/com.st.stm32cube.ide.mcu.externaltools.gnu-tools-for-stm32.10.3-2021.10.win32_1.0.0.202111181127/tools/bin/../lib/gcc/arm-none-eabi/10.3.1/thumb/v7e-m/nofp\libgcc.a
LOAD c:/st/stm32cubeide_1.7.0/stm32cubeide/plugins/com.st.stm32cube.ide.mcu.externaltools.gnu-tools-for-stm32.10.3-2021.10.win32_1.0.0.202111181127/tools/bin/../lib/gcc/arm-none-eabi/10.3.1/../../../../arm-none-eabi/lib/thumb/v7e-m/nofp\libc_nano.a
END GROUP
START GROUP
LOAD c:/st/stm32cubeide_1.7.0/stm32cubeide/plugins/com.st.stm32cube.ide.mcu.externaltools.gnu-tools-for-stm32.10.3-2021.10.win32_1.0.0.202111181127/tools/bin/../lib/gcc/arm-none-eabi/10.3.1/thumb/v7e-m/nofp\libgcc.a
LOAD c:/st/stm32cubeide_1.7.0/stm32cubeide/plugins/com.st.stm32cube.ide.mcu.externaltools.gnu-tools-for-stm32.10.3-2021.10.win32_1.0.0.202111181127/tools/bin/../lib/gcc/arm-none-eabi/10.3.1/../../../../arm-none-eabi/lib/thumb/v7e-m/nofp\libc_nano.a
LOAD c:/st/stm32cubeide_1.7.0/stm32cubeide/plugins/com.st.stm32cube.ide.mcu.externaltools.gnu-tools-for-stm32.10.3-2021.10.win32_1.0.0.202111181127/tools/bin/../lib/gcc/arm-none-eabi/10.3.1/../../../../arm-none-eabi/lib/thumb/v7e-m/nofp\libnosys.a
END GROUP
START GROUP
LOAD c:/st/stm32cubeide_1.7.0/stm32cubeide/plugins/com.st.stm32cube.ide.mcu.externaltools.gnu-tools-for-stm32.10.3-2021.10.win32_1.0.0.202111181127/tools/bin/../lib/gcc/arm-none-eabi/10.3.1/thumb/v7e-m/nofp\libgcc.a
LOAD c:/st/stm32cubeide_1.7.0/stm32cubeide/plugins/com.st.stm32cube.ide.mcu.externaltools.gnu-tools-for-stm32.10.3-2021.10.win32_1.0.0.202111181127/tools/bin/../lib/gcc/arm-none-eabi/10.3.1/../../../../arm-none-eabi/lib/thumb/v7e-m/nofp\libc_nano.a
LOAD c:/st/stm32cubeide_1.7.0/stm32cubeide/plugins/com.st.stm32cube.ide.mcu.externaltools.gnu-tools-for-stm32.10.3-2021.10.win32_1.0.0.202111181127/tools/bin/../lib/gcc/arm-none-eabi/10.3.1/../../../../arm-none-eabi/lib/thumb/v7e-m/nofp\libnosys.a
END GROUP
LOAD c:/st/stm32cubeide_1.7.0/stm32cubeide/plugins/com.st.stm32cube.ide.mcu.externaltools.gnu-tools-for-stm32.10.3-2021.10.win32_1.0.0.202111181127/tools/bin/../lib/gcc/arm-none-eabi/10.3.1/thumb/v7e-m/nofp/crtend.o
LOAD c:/st/stm32cubeide_1.7.0/stm32cubeide/plugins/com.st.stm32cube.ide.mcu.externaltools.gnu-tools-for-stm32.10.3-2021.10.win32_1.0.0.202111181127/tools/bin/../lib/gcc/arm-none-eabi/10.3.1/thumb/v7e-m/nofp/crtn.o
                0x0000000020008000                _estack = (ORIGIN (RAM) + LENGTH (RAM))
                0x0000000000000200                _Min_Heap_Size = 0x200
                0x0000000000000400                _Min_Stack_Size = 0x400

.isr_vector     0x0000000008000000      0x138
                0x0000000008000000                . = ALIGN (0x4)
 *(.isr_vector)
 .isr_vector    0x0000000008000000      0x138 ./Core/Startup/startup_stm32wl55jcix.o
                0x0000000008000000                g_pfnVectors
                0x0000000008000138                . = ALIGN (0x4)

.text           0x0000000008000138     0x4660
                0x0000000008000138                . = ALIGN (0x4)
 *(.text)
 .text          0x0000000008000138       0x40 c:/st/stm32cubeide_1.7.0/stm32cubeide/plugins/com.st.stm32cube.ide.mcu.externaltools.gnu-tools-for-stm32.10.3-2021.10.win32_1.0.0.202111181127/tools/bin/../lib/gcc/arm-none-eabi/10.3.1/thumb/v7e-m/nofp/crtbegin.o
 .text          0x0000000008000178       0x10 c:/st/stm32cubeide_1.7.0/stm32cubeide/plugins/com.st.stm32cube.ide.mcu.externaltools.gnu-tools-for-stm32.10.3-2021.10.win32_1.0.0.202111181127/tools/bin/../lib/gcc/arm-none-eabi/10.3.1/../../../../arm-none-eabi/lib/thumb/v7e-m/nofp\libc_nano.a(lib_a-strlen.o)
                0x0000000008000178                strlen
 .text          0x0000000008000188       0x30 c:/st/stm32cubeide_1.7.0/stm32cubeide/plugins/com.st.stm32cube.ide.mcu.externaltools.gnu-tools-for-stm32.10.3-2021.10.win32_1.0.0.202111181127/tools/bin/../lib/gcc/arm-none-eabi/10.3.1/thumb/v7e-m/nofp\libgcc.a(_aeabi_uldivmod.o)
                0x0000000008000188                __aeabi_uldivmod
 .text          0x00000000080001b8      0x2d0 c:/st/stm32cubeide_1.7.0/stm32cubeide/plugins/com.st.stm32cube.ide.mcu.externaltools.gnu-tools-for-stm32.10.3-2021.10.win32_1.0.0.202111181127/tools/bin/../lib/gcc/arm-none-eabi/10.3.1/thumb/v7e-m/nofp\libgcc.a(_udivmoddi4.o)
                0x00000000080001b8                __udivmoddi4
 .text          0x0000000008000488        0x4 c:/st/stm32cubeide_1.7.0/stm32cubeide/plugins/com.st.stm32cube.ide.mcu.externaltools.gnu-tools-for-stm32.10.3-2021.10.win32_1.0.0.202111181127/tools/bin/../lib/gcc/arm-none-eabi/10.3.1/thumb/v7e-m/nofp\libgcc.a(_dvmd_tls.o)
                0x0000000008000488                __aeabi_idiv0
                0x0000000008000488                __aeabi_ldiv0
 *(.text*)
 .text.SystemInit
                0x000000000800048c        0xc ./Common/System/system_stm32wlxx.o
                0x000000000800048c                SystemInit
 .text.LL_RCC_LSE_SetDriveCapability
                0x0000000008000498       0x2a ./Core/Src/main.o
 .text.LL_AHB1_GRP1_EnableClock
                0x00000000080004c2       0x30 ./Core/Src/main.o
 .text.LL_AHB2_GRP1_EnableClock
                0x00000000080004f2       0x30 ./Core/Src/main.o
 *fill*         0x0000000008000522        0x2 
 .text.main     0x0000000008000524       0x60 ./Core/Src/main.o
                0x0000000008000524                main
 .text.SystemClock_Config
                0x0000000008000584       0xb4 ./Core/Src/main.o
                0x0000000008000584                SystemClock_Config
 .text.MX_USART1_UART_Init
                0x0000000008000638       0x98 ./Core/Src/main.o
 .text.MX_USART2_UART_Init
                0x00000000080006d0       0x98 ./Core/Src/main.o
 .text.MX_DMA_Init
                0x0000000008000768       0x24 ./Core/Src/main.o
 .text.MX_GPIO_Init
                0x000000000800078c       0x1a ./Core/Src/main.o
 *fill*         0x00000000080007a6        0x2 
 .text.HAL_UARTEx_RxEventCallback
                0x00000000080007a8       0x5c ./Core/Src/main.o
                0x00000000080007a8                HAL_UARTEx_RxEventCallback
 .text.Error_Handler
                0x0000000008000804        0xa ./Core/Src/main.o
                0x0000000008000804                Error_Handler
 .text.LL_AHB2_GRP1_EnableClock
                0x000000000800080e       0x30 ./Core/Src/stm32wlxx_hal_msp.o
 .text.LL_APB1_GRP1_EnableClock
                0x000000000800083e       0x30 ./Core/Src/stm32wlxx_hal_msp.o
 .text.LL_APB2_GRP1_EnableClock
                0x000000000800086e       0x30 ./Core/Src/stm32wlxx_hal_msp.o
 .text.HAL_MspInit
                0x000000000800089e        0xc ./Core/Src/stm32wlxx_hal_msp.o
                0x000000000800089e                HAL_MspInit
 *fill*         0x00000000080008aa        0x2 
 .text.HAL_UART_MspInit
                0x00000000080008ac      0x168 ./Core/Src/stm32wlxx_hal_msp.o
                0x00000000080008ac                HAL_UART_MspInit
 .text.NMI_Handler
                0x0000000008000a14        0x6 ./Core/Src/stm32wlxx_it.o
                0x0000000008000a14                NMI_Handler
 .text.HardFault_Handler
                0x0000000008000a1a        0x6 ./Core/Src/stm32wlxx_it.o
                0x0000000008000a1a                HardFault_Handler
 .text.MemManage_Handler
                0x0000000008000a20        0x6 ./Core/Src/stm32wlxx_it.o
                0x0000000008000a20                MemManage_Handler
 .text.BusFault_Handler
                0x0000000008000a26        0x6 ./Core/Src/stm32wlxx_it.o
                0x0000000008000a26                BusFault_Handler
 .text.UsageFault_Handler
                0x0000000008000a2c        0x6 ./Core/Src/stm32wlxx_it.o
                0x0000000008000a2c                UsageFault_Handler
 .text.SVC_Handler
                0x0000000008000a32        0xc ./Core/Src/stm32wlxx_it.o
                0x0000000008000a32                SVC_Handler
 .text.DebugMon_Handler
                0x0000000008000a3e        0xc ./Core/Src/stm32wlxx_it.o
                0x0000000008000a3e                DebugMon_Handler
 .text.PendSV_Handler
                0x0000000008000a4a        0xc ./Core/Src/stm32wlxx_it.o
                0x0000000008000a4a                PendSV_Handler
 .text.SysTick_Handler
                0x0000000008000a56        0xc ./Core/Src/stm32wlxx_it.o
                0x0000000008000a56                SysTick_Handler
 *fill*         0x0000000008000a62        0x2 
 .text.DMA1_Channel1_IRQHandler
                0x0000000008000a64       0x14 ./Core/Src/stm32wlxx_it.o
                0x0000000008000a64                DMA1_Channel1_IRQHandler
 .text.USART1_IRQHandler
                0x0000000008000a78       0x14 ./Core/Src/stm32wlxx_it.o
                0x0000000008000a78                USART1_IRQHandler
 .text.Reset_Handler
                0x0000000008000a8c       0x50 ./Core/Startup/startup_stm32wl55jcix.o
                0x0000000008000a8c                Reset_Handler
 .text.Default_Handler
                0x0000000008000adc        0x2 ./Core/Startup/startup_stm32wl55jcix.o
                0x0000000008000adc                RTC_Alarm_IRQHandler
                0x0000000008000adc                EXTI2_IRQHandler
                0x0000000008000adc                TIM1_CC_IRQHandler
                0x0000000008000adc                EXTI3_IRQHandler
                0x0000000008000adc                LPTIM2_IRQHandler
                0x0000000008000adc                I2C3_ER_IRQHandler
                0x0000000008000adc                LPTIM3_IRQHandler
                0x0000000008000adc                EXTI0_IRQHandler
                0x0000000008000adc                I2C2_EV_IRQHandler
                0x0000000008000adc                TAMP_STAMP_LSECSS_SSRU_IRQHandler
                0x0000000008000adc                SPI1_IRQHandler
                0x0000000008000adc                DMA2_Channel2_IRQHandler
                0x0000000008000adc                DMA1_Channel4_IRQHandler
                0x0000000008000adc                PKA_IRQHandler
                0x0000000008000adc                TIM17_IRQHandler
                0x0000000008000adc                DMA1_Channel7_IRQHandler
                0x0000000008000adc                SUBGHZSPI_IRQHandler
                0x0000000008000adc                IPCC_C1_TX_IRQHandler
                0x0000000008000adc                DMA2_Channel1_IRQHandler
                0x0000000008000adc                I2C1_EV_IRQHandler
                0x0000000008000adc                SUBGHZ_Radio_IRQHandler
                0x0000000008000adc                DMAMUX1_OVR_IRQHandler
                0x0000000008000adc                DMA1_Channel6_IRQHandler
                0x0000000008000adc                TIM16_IRQHandler
                0x0000000008000adc                DMA2_Channel4_IRQHandler
                0x0000000008000adc                RCC_IRQHandler
                0x0000000008000adc                TIM1_TRG_COM_IRQHandler
                0x0000000008000adc                Default_Handler
                0x0000000008000adc                DMA2_Channel7_IRQHandler
                0x0000000008000adc                EXTI15_10_IRQHandler
                0x0000000008000adc                IPCC_C1_RX_IRQHandler
                0x0000000008000adc                ADC_IRQHandler
                0x0000000008000adc                C2SEV_PWR_C2H_IRQHandler
                0x0000000008000adc                I2C3_EV_IRQHandler
                0x0000000008000adc                EXTI9_5_IRQHandler
                0x0000000008000adc                RTC_WKUP_IRQHandler
                0x0000000008000adc                PVD_PVM_IRQHandler
                0x0000000008000adc                SPI2_IRQHandler
                0x0000000008000adc                DMA2_Channel5_IRQHandler
                0x0000000008000adc                DMA1_Channel5_IRQHandler
                0x0000000008000adc                EXTI4_IRQHandler
                0x0000000008000adc                RNG_IRQHandler
                0x0000000008000adc                DMA1_Channel3_IRQHandler
                0x0000000008000adc                COMP_IRQHandler
                0x0000000008000adc                HSEM_IRQHandler
                0x0000000008000adc                TIM1_UP_IRQHandler
                0x0000000008000adc                WWDG_IRQHandler
                0x0000000008000adc                LPUART1_IRQHandler
                0x0000000008000adc                DMA2_Channel6_IRQHandler
                0x0000000008000adc                TIM2_IRQHandler
                0x0000000008000adc                TIM1_BRK_IRQHandler
                0x0000000008000adc                DAC_IRQHandler
                0x0000000008000adc                EXTI1_IRQHandler
                0x0000000008000adc                AES_IRQHandler
                0x0000000008000adc                USART2_IRQHandler
                0x0000000008000adc                I2C2_ER_IRQHandler
                0x0000000008000adc                DMA1_Channel2_IRQHandler
                0x0000000008000adc                FLASH_IRQHandler
                0x0000000008000adc                I2C1_ER_IRQHandler
                0x0000000008000adc                LPTIM1_IRQHandler
                0x0000000008000adc                DMA2_Channel3_IRQHandler
 *fill*         0x0000000008000ade        0x2 
 .text.HAL_Init
                0x0000000008000ae0       0x40 ./Drivers/STM32WLxx_HAL_Driver/stm32wlxx_hal.o
                0x0000000008000ae0                HAL_Init
 .text.HAL_InitTick
                0x0000000008000b20       0x74 ./Drivers/STM32WLxx_HAL_Driver/stm32wlxx_hal.o
                0x0000000008000b20                HAL_InitTick
 .text.HAL_IncTick
                0x0000000008000b94       0x24 ./Drivers/STM32WLxx_HAL_Driver/stm32wlxx_hal.o
                0x0000000008000b94                HAL_IncTick
 .text.HAL_GetTick
                0x0000000008000bb8       0x14 ./Drivers/STM32WLxx_HAL_Driver/stm32wlxx_hal.o
                0x0000000008000bb8                HAL_GetTick
 .text.__NVIC_SetPriorityGrouping
                0x0000000008000bcc       0x48 ./Drivers/STM32WLxx_HAL_Driver/stm32wlxx_hal_cortex.o
 .text.__NVIC_GetPriorityGrouping
                0x0000000008000c14       0x1c ./Drivers/STM32WLxx_HAL_Driver/stm32wlxx_hal_cortex.o
 .text.__NVIC_EnableIRQ
                0x0000000008000c30       0x38 ./Drivers/STM32WLxx_HAL_Driver/stm32wlxx_hal_cortex.o
 .text.__NVIC_SetPriority
                0x0000000008000c68       0x54 ./Drivers/STM32WLxx_HAL_Driver/stm32wlxx_hal_cortex.o
 .text.NVIC_EncodePriority
                0x0000000008000cbc       0x64 ./Drivers/STM32WLxx_HAL_Driver/stm32wlxx_hal_cortex.o
 .text.SysTick_Config
                0x0000000008000d20       0x44 ./Drivers/STM32WLxx_HAL_Driver/stm32wlxx_hal_cortex.o
 .text.HAL_NVIC_SetPriorityGrouping
                0x0000000008000d64       0x16 ./Drivers/STM32WLxx_HAL_Driver/stm32wlxx_hal_cortex.o
                0x0000000008000d64                HAL_NVIC_SetPriorityGrouping
 .text.HAL_NVIC_SetPriority
                0x0000000008000d7a       0x34 ./Drivers/STM32WLxx_HAL_Driver/stm32wlxx_hal_cortex.o
                0x0000000008000d7a                HAL_NVIC_SetPriority
 .text.HAL_NVIC_EnableIRQ
                0x0000000008000dae       0x1c ./Drivers/STM32WLxx_HAL_Driver/stm32wlxx_hal_cortex.o
                0x0000000008000dae                HAL_NVIC_EnableIRQ
 .text.HAL_SYSTICK_Config
                0x0000000008000dca       0x18 ./Drivers/STM32WLxx_HAL_Driver/stm32wlxx_hal_cortex.o
                0x0000000008000dca                HAL_SYSTICK_Config
 *fill*         0x0000000008000de2        0x2 
 .text.HAL_DMA_Init
                0x0000000008000de4      0x150 ./Drivers/STM32WLxx_HAL_Driver/stm32wlxx_hal_dma.o
                0x0000000008000de4                HAL_DMA_Init
 .text.HAL_DMA_Start_IT
                0x0000000008000f34       0xfc ./Drivers/STM32WLxx_HAL_Driver/stm32wlxx_hal_dma.o
                0x0000000008000f34                HAL_DMA_Start_IT
 .text.HAL_DMA_Abort
                0x0000000008001030       0xbc ./Drivers/STM32WLxx_HAL_Driver/stm32wlxx_hal_dma.o
                0x0000000008001030                HAL_DMA_Abort
 .text.HAL_DMA_Abort_IT
                0x00000000080010ec       0xbe ./Drivers/STM32WLxx_HAL_Driver/stm32wlxx_hal_dma.o
                0x00000000080010ec                HAL_DMA_Abort_IT
 *fill*         0x00000000080011aa        0x2 
 .text.HAL_DMA_IRQHandler
                0x00000000080011ac      0x18c ./Drivers/STM32WLxx_HAL_Driver/stm32wlxx_hal_dma.o
                0x00000000080011ac                HAL_DMA_IRQHandler
 .text.HAL_DMA_ConfigChannelAttributes
                0x0000000008001338       0x5e ./Drivers/STM32WLxx_HAL_Driver/stm32wlxx_hal_dma.o
                0x0000000008001338                HAL_DMA_ConfigChannelAttributes
 .text.DMA_SetConfig
                0x0000000008001396       0x7a ./Drivers/STM32WLxx_HAL_Driver/stm32wlxx_hal_dma.o
 .text.DMA_CalcDMAMUXChannelBaseAndMask
                0x0000000008001410       0x90 ./Drivers/STM32WLxx_HAL_Driver/stm32wlxx_hal_dma.o
 .text.DMA_CalcDMAMUXRequestGenBaseAndMask
                0x00000000080014a0       0x48 ./Drivers/STM32WLxx_HAL_Driver/stm32wlxx_hal_dma.o
 .text.HAL_GPIO_Init
                0x00000000080014e8      0x2c0 ./Drivers/STM32WLxx_HAL_Driver/stm32wlxx_hal_gpio.o
                0x00000000080014e8                HAL_GPIO_Init
 .text.HAL_PWR_EnableBkUpAccess
                0x00000000080017a8       0x1c ./Drivers/STM32WLxx_HAL_Driver/stm32wlxx_hal_pwr.o
                0x00000000080017a8                HAL_PWR_EnableBkUpAccess
 .text.LL_PWR_EnableBootC2
                0x00000000080017c4       0x1c ./Drivers/STM32WLxx_HAL_Driver/stm32wlxx_hal_pwr_ex.o
 .text.HAL_PWREx_GetVoltageRange
                0x00000000080017e0       0x18 ./Drivers/STM32WLxx_HAL_Driver/stm32wlxx_hal_pwr_ex.o
                0x00000000080017e0                HAL_PWREx_GetVoltageRange
 .text.HAL_PWREx_ReleaseCore
                0x00000000080017f8       0x14 ./Drivers/STM32WLxx_HAL_Driver/stm32wlxx_hal_pwr_ex.o
                0x00000000080017f8                HAL_PWREx_ReleaseCore
 .text.LL_PWR_IsEnabledBkUpAccess
                0x000000000800180c       0x24 ./Drivers/STM32WLxx_HAL_Driver/stm32wlxx_hal_rcc.o
 .text.LL_RCC_HSE_EnableTcxo
                0x0000000008001830       0x1c ./Drivers/STM32WLxx_HAL_Driver/stm32wlxx_hal_rcc.o
 .text.LL_RCC_HSE_DisableTcxo
                0x000000000800184c       0x1c ./Drivers/STM32WLxx_HAL_Driver/stm32wlxx_hal_rcc.o
 .text.LL_RCC_HSE_IsEnabledDiv2
                0x0000000008001868       0x22 ./Drivers/STM32WLxx_HAL_Driver/stm32wlxx_hal_rcc.o
 .text.LL_RCC_HSE_Enable
                0x000000000800188a       0x1c ./Drivers/STM32WLxx_HAL_Driver/stm32wlxx_hal_rcc.o
 .text.LL_RCC_HSE_Disable
                0x00000000080018a6       0x1c ./Drivers/STM32WLxx_HAL_Driver/stm32wlxx_hal_rcc.o
 .text.LL_RCC_HSE_IsReady
                0x00000000080018c2       0x22 ./Drivers/STM32WLxx_HAL_Driver/stm32wlxx_hal_rcc.o
 .text.LL_RCC_HSI_Enable
                0x00000000080018e4       0x1c ./Drivers/STM32WLxx_HAL_Driver/stm32wlxx_hal_rcc.o
 .text.LL_RCC_HSI_Disable
                0x0000000008001900       0x1c ./Drivers/STM32WLxx_HAL_Driver/stm32wlxx_hal_rcc.o
 .text.LL_RCC_HSI_IsReady
                0x000000000800191c       0x22 ./Drivers/STM32WLxx_HAL_Driver/stm32wlxx_hal_rcc.o
 .text.LL_RCC_HSI_SetCalibTrimming
                0x000000000800193e       0x28 ./Drivers/STM32WLxx_HAL_Driver/stm32wlxx_hal_rcc.o
 .text.LL_RCC_LSE_IsReady
                0x0000000008001966       0x22 ./Drivers/STM32WLxx_HAL_Driver/stm32wlxx_hal_rcc.o
 .text.LL_RCC_LSI_Enable
                0x0000000008001988       0x20 ./Drivers/STM32WLxx_HAL_Driver/stm32wlxx_hal_rcc.o
 .text.LL_RCC_LSI_Disable
                0x00000000080019a8       0x20 ./Drivers/STM32WLxx_HAL_Driver/stm32wlxx_hal_rcc.o
 .text.LL_RCC_LSI_IsReady
                0x00000000080019c8       0x22 ./Drivers/STM32WLxx_HAL_Driver/stm32wlxx_hal_rcc.o
 .text.LL_RCC_MSI_Enable
                0x00000000080019ea       0x1c ./Drivers/STM32WLxx_HAL_Driver/stm32wlxx_hal_rcc.o
 .text.LL_RCC_MSI_Disable
                0x0000000008001a06       0x1c ./Drivers/STM32WLxx_HAL_Driver/stm32wlxx_hal_rcc.o
 .text.LL_RCC_MSI_IsReady
                0x0000000008001a22       0x20 ./Drivers/STM32WLxx_HAL_Driver/stm32wlxx_hal_rcc.o
 .text.LL_RCC_MSI_IsEnabledRangeSelect
                0x0000000008001a42       0x20 ./Drivers/STM32WLxx_HAL_Driver/stm32wlxx_hal_rcc.o
 .text.LL_RCC_MSI_GetRange
                0x0000000008001a62       0x16 ./Drivers/STM32WLxx_HAL_Driver/stm32wlxx_hal_rcc.o
 .text.LL_RCC_MSI_GetRangeAfterStandby
                0x0000000008001a78       0x18 ./Drivers/STM32WLxx_HAL_Driver/stm32wlxx_hal_rcc.o
 .text.LL_RCC_MSI_SetCalibTrimming
                0x0000000008001a90       0x28 ./Drivers/STM32WLxx_HAL_Driver/stm32wlxx_hal_rcc.o
 .text.LL_RCC_SetSysClkSource
                0x0000000008001ab8       0x26 ./Drivers/STM32WLxx_HAL_Driver/stm32wlxx_hal_rcc.o
 .text.LL_RCC_GetSysClkSource
                0x0000000008001ade       0x16 ./Drivers/STM32WLxx_HAL_Driver/stm32wlxx_hal_rcc.o
 .text.LL_RCC_SetAHBPrescaler
                0x0000000008001af4       0x26 ./Drivers/STM32WLxx_HAL_Driver/stm32wlxx_hal_rcc.o
 .text.LL_C2_RCC_SetAHBPrescaler
                0x0000000008001b1a       0x2a ./Drivers/STM32WLxx_HAL_Driver/stm32wlxx_hal_rcc.o
 .text.LL_RCC_SetAHB3Prescaler
                0x0000000008001b44       0x2c ./Drivers/STM32WLxx_HAL_Driver/stm32wlxx_hal_rcc.o
 .text.LL_RCC_SetAPB1Prescaler
                0x0000000008001b70       0x26 ./Drivers/STM32WLxx_HAL_Driver/stm32wlxx_hal_rcc.o
 .text.LL_RCC_SetAPB2Prescaler
                0x0000000008001b96       0x26 ./Drivers/STM32WLxx_HAL_Driver/stm32wlxx_hal_rcc.o
 .text.LL_RCC_GetAHBPrescaler
                0x0000000008001bbc       0x16 ./Drivers/STM32WLxx_HAL_Driver/stm32wlxx_hal_rcc.o
 .text.LL_RCC_GetAHB3Prescaler
                0x0000000008001bd2       0x1a ./Drivers/STM32WLxx_HAL_Driver/stm32wlxx_hal_rcc.o
 .text.LL_RCC_GetAPB1Prescaler
                0x0000000008001bec       0x16 ./Drivers/STM32WLxx_HAL_Driver/stm32wlxx_hal_rcc.o
 .text.LL_RCC_GetAPB2Prescaler
                0x0000000008001c02       0x16 ./Drivers/STM32WLxx_HAL_Driver/stm32wlxx_hal_rcc.o
 .text.LL_RCC_PLL_Enable
                0x0000000008001c18       0x1c ./Drivers/STM32WLxx_HAL_Driver/stm32wlxx_hal_rcc.o
 .text.LL_RCC_PLL_Disable
                0x0000000008001c34       0x1c ./Drivers/STM32WLxx_HAL_Driver/stm32wlxx_hal_rcc.o
 .text.LL_RCC_PLL_IsReady
                0x0000000008001c50       0x22 ./Drivers/STM32WLxx_HAL_Driver/stm32wlxx_hal_rcc.o
 .text.LL_RCC_PLL_GetN
                0x0000000008001c72       0x18 ./Drivers/STM32WLxx_HAL_Driver/stm32wlxx_hal_rcc.o
 .text.LL_RCC_PLL_GetR
                0x0000000008001c8a       0x16 ./Drivers/STM32WLxx_HAL_Driver/stm32wlxx_hal_rcc.o
 .text.LL_RCC_PLL_GetDivider
                0x0000000008001ca0       0x16 ./Drivers/STM32WLxx_HAL_Driver/stm32wlxx_hal_rcc.o
 .text.LL_RCC_PLL_GetMainSource
                0x0000000008001cb6       0x16 ./Drivers/STM32WLxx_HAL_Driver/stm32wlxx_hal_rcc.o
 .text.LL_RCC_IsActiveFlag_HPRE
                0x0000000008001ccc       0x22 ./Drivers/STM32WLxx_HAL_Driver/stm32wlxx_hal_rcc.o
 .text.LL_RCC_IsActiveFlag_C2HPRE
                0x0000000008001cee       0x24 ./Drivers/STM32WLxx_HAL_Driver/stm32wlxx_hal_rcc.o
 .text.LL_RCC_IsActiveFlag_SHDHPRE
                0x0000000008001d12       0x24 ./Drivers/STM32WLxx_HAL_Driver/stm32wlxx_hal_rcc.o
 .text.LL_RCC_IsActiveFlag_PPRE1
                0x0000000008001d36       0x22 ./Drivers/STM32WLxx_HAL_Driver/stm32wlxx_hal_rcc.o
 .text.LL_RCC_IsActiveFlag_PPRE2
                0x0000000008001d58       0x22 ./Drivers/STM32WLxx_HAL_Driver/stm32wlxx_hal_rcc.o
 *fill*         0x0000000008001d7a        0x2 
 .text.HAL_RCC_OscConfig
                0x0000000008001d7c      0x738 ./Drivers/STM32WLxx_HAL_Driver/stm32wlxx_hal_rcc.o
                0x0000000008001d7c                HAL_RCC_OscConfig
 .text.HAL_RCC_ClockConfig
                0x00000000080024b4      0x284 ./Drivers/STM32WLxx_HAL_Driver/stm32wlxx_hal_rcc.o
                0x00000000080024b4                HAL_RCC_ClockConfig
 .text.HAL_RCC_GetSysClockFreq
                0x0000000008002738      0x140 ./Drivers/STM32WLxx_HAL_Driver/stm32wlxx_hal_rcc.o
                0x0000000008002738                HAL_RCC_GetSysClockFreq
 .text.HAL_RCC_GetHCLKFreq
                0x0000000008002878       0x28 ./Drivers/STM32WLxx_HAL_Driver/stm32wlxx_hal_rcc.o
                0x0000000008002878                HAL_RCC_GetHCLKFreq
 .text.HAL_RCC_GetPCLK1Freq
                0x00000000080028a0       0x24 ./Drivers/STM32WLxx_HAL_Driver/stm32wlxx_hal_rcc.o
                0x00000000080028a0                HAL_RCC_GetPCLK1Freq
 .text.HAL_RCC_GetPCLK2Freq
                0x00000000080028c4       0x24 ./Drivers/STM32WLxx_HAL_Driver/stm32wlxx_hal_rcc.o
                0x00000000080028c4                HAL_RCC_GetPCLK2Freq
 .text.RCC_SetFlashLatencyFromMSIRange
                0x00000000080028e8       0x60 ./Drivers/STM32WLxx_HAL_Driver/stm32wlxx_hal_rcc.o
 .text.RCC_SetFlashLatency
                0x0000000008002948      0x104 ./Drivers/STM32WLxx_HAL_Driver/stm32wlxx_hal_rcc.o
 .text.LL_RCC_LSE_IsReady
                0x0000000008002a4c       0x22 ./Drivers/STM32WLxx_HAL_Driver/stm32wlxx_hal_rcc_ex.o
 .text.LL_RCC_SetUSARTClockSource
                0x0000000008002a6e       0x30 ./Drivers/STM32WLxx_HAL_Driver/stm32wlxx_hal_rcc_ex.o
 .text.LL_RCC_SetI2SClockSource
                0x0000000008002a9e       0x2a ./Drivers/STM32WLxx_HAL_Driver/stm32wlxx_hal_rcc_ex.o
 .text.LL_RCC_SetLPUARTClockSource
                0x0000000008002ac8       0x2a ./Drivers/STM32WLxx_HAL_Driver/stm32wlxx_hal_rcc_ex.o
 .text.LL_RCC_SetI2CClockSource
                0x0000000008002af2       0x38 ./Drivers/STM32WLxx_HAL_Driver/stm32wlxx_hal_rcc_ex.o
 .text.LL_RCC_SetLPTIMClockSource
                0x0000000008002b2a       0x32 ./Drivers/STM32WLxx_HAL_Driver/stm32wlxx_hal_rcc_ex.o
 .text.LL_RCC_SetRNGClockSource
                0x0000000008002b5c       0x2a ./Drivers/STM32WLxx_HAL_Driver/stm32wlxx_hal_rcc_ex.o
 .text.LL_RCC_SetADCClockSource
                0x0000000008002b86       0x2a ./Drivers/STM32WLxx_HAL_Driver/stm32wlxx_hal_rcc_ex.o
 .text.LL_RCC_SetRTCClockSource
                0x0000000008002bb0       0x2a ./Drivers/STM32WLxx_HAL_Driver/stm32wlxx_hal_rcc_ex.o
 .text.LL_RCC_GetRTCClockSource
                0x0000000008002bda       0x18 ./Drivers/STM32WLxx_HAL_Driver/stm32wlxx_hal_rcc_ex.o
 .text.LL_RCC_ForceBackupDomainReset
                0x0000000008002bf2       0x20 ./Drivers/STM32WLxx_HAL_Driver/stm32wlxx_hal_rcc_ex.o
 .text.LL_RCC_ReleaseBackupDomainReset
                0x0000000008002c12       0x20 ./Drivers/STM32WLxx_HAL_Driver/stm32wlxx_hal_rcc_ex.o
 *fill*         0x0000000008002c32        0x2 
 .text.HAL_RCCEx_PeriphCLKConfig
                0x0000000008002c34      0x234 ./Drivers/STM32WLxx_HAL_Driver/stm32wlxx_hal_rcc_ex.o
                0x0000000008002c34                HAL_RCCEx_PeriphCLKConfig
 .text.LL_RCC_GetUSARTClockSource
                0x0000000008002e68       0x24 ./Drivers/STM32WLxx_HAL_Driver/stm32wlxx_hal_uart.o
 .text.LL_RCC_GetLPUARTClockSource
                0x0000000008002e8c       0x1e ./Drivers/STM32WLxx_HAL_Driver/stm32wlxx_hal_uart.o
 .text.HAL_UART_Init
                0x0000000008002eaa       0xa0 ./Drivers/STM32WLxx_HAL_Driver/stm32wlxx_hal_uart.o
                0x0000000008002eaa                HAL_UART_Init
 .text.HAL_UART_Transmit
                0x0000000008002f4a      0x12c ./Drivers/STM32WLxx_HAL_Driver/stm32wlxx_hal_uart.o
                0x0000000008002f4a                HAL_UART_Transmit
 *fill*         0x0000000008003076        0x2 
 .text.HAL_UART_IRQHandler
                0x0000000008003078      0x630 ./Drivers/STM32WLxx_HAL_Driver/stm32wlxx_hal_uart.o
                0x0000000008003078                HAL_UART_IRQHandler
 .text.HAL_UART_TxCpltCallback
                0x00000000080036a8       0x12 ./Drivers/STM32WLxx_HAL_Driver/stm32wlxx_hal_uart.o
                0x00000000080036a8                HAL_UART_TxCpltCallback
 .text.HAL_UART_RxCpltCallback
                0x00000000080036ba       0x12 ./Drivers/STM32WLxx_HAL_Driver/stm32wlxx_hal_uart.o
                0x00000000080036ba                HAL_UART_RxCpltCallback
 .text.HAL_UART_RxHalfCpltCallback
                0x00000000080036cc       0x12 ./Drivers/STM32WLxx_HAL_Driver/stm32wlxx_hal_uart.o
                0x00000000080036cc                HAL_UART_RxHalfCpltCallback
 .text.HAL_UART_ErrorCallback
                0x00000000080036de       0x12 ./Drivers/STM32WLxx_HAL_Driver/stm32wlxx_hal_uart.o
                0x00000000080036de                HAL_UART_ErrorCallback
 .text.UART_SetConfig
                0x00000000080036f0      0x4e8 ./Drivers/STM32WLxx_HAL_Driver/stm32wlxx_hal_uart.o
                0x00000000080036f0                UART_SetConfig
 .text.UART_AdvFeatureConfig
                0x0000000008003bd8      0x142 ./Drivers/STM32WLxx_HAL_Driver/stm32wlxx_hal_uart.o
                0x0000000008003bd8                UART_AdvFeatureConfig
 .text.UART_CheckIdleState
                0x0000000008003d1a       0x96 ./Drivers/STM32WLxx_HAL_Driver/stm32wlxx_hal_uart.o
                0x0000000008003d1a                UART_CheckIdleState
 .text.UART_WaitOnFlagUntilTimeout
                0x0000000008003db0      0x190 ./Drivers/STM32WLxx_HAL_Driver/stm32wlxx_hal_uart.o
                0x0000000008003db0                UART_WaitOnFlagUntilTimeout
 .text.UART_Start_Receive_DMA
                0x0000000008003f40      0x150 ./Drivers/STM32WLxx_HAL_Driver/stm32wlxx_hal_uart.o
                0x0000000008003f40                UART_Start_Receive_DMA
 .text.UART_EndTxTransfer
                0x0000000008004090       0x80 ./Drivers/STM32WLxx_HAL_Driver/stm32wlxx_hal_uart.o
 .text.UART_EndRxTransfer
                0x0000000008004110       0xca ./Drivers/STM32WLxx_HAL_Driver/stm32wlxx_hal_uart.o
 .text.UART_DMAReceiveCplt
                0x00000000080041da      0x126 ./Drivers/STM32WLxx_HAL_Driver/stm32wlxx_hal_uart.o
 .text.UART_DMARxHalfCplt
                0x0000000008004300       0x38 ./Drivers/STM32WLxx_HAL_Driver/stm32wlxx_hal_uart.o
 .text.UART_DMAError
                0x0000000008004338       0x80 ./Drivers/STM32WLxx_HAL_Driver/stm32wlxx_hal_uart.o
 .text.UART_DMAAbortOnError
                0x00000000080043b8       0x2c ./Drivers/STM32WLxx_HAL_Driver/stm32wlxx_hal_uart.o
 .text.UART_EndTransmit_IT
                0x00000000080043e4       0x56 ./Drivers/STM32WLxx_HAL_Driver/stm32wlxx_hal_uart.o
 .text.HAL_UARTEx_WakeupCallback
                0x000000000800443a       0x12 ./Drivers/STM32WLxx_HAL_Driver/stm32wlxx_hal_uart_ex.o
                0x000000000800443a                HAL_UARTEx_WakeupCallback
 .text.HAL_UARTEx_RxFifoFullCallback
                0x000000000800444c       0x12 ./Drivers/STM32WLxx_HAL_Driver/stm32wlxx_hal_uart_ex.o
                0x000000000800444c                HAL_UARTEx_RxFifoFullCallback
 .text.HAL_UARTEx_TxFifoEmptyCallback
                0x000000000800445e       0x12 ./Drivers/STM32WLxx_HAL_Driver/stm32wlxx_hal_uart_ex.o
                0x000000000800445e                HAL_UARTEx_TxFifoEmptyCallback
 .text.HAL_UARTEx_DisableFifoMode
                0x0000000008004470       0x70 ./Drivers/STM32WLxx_HAL_Driver/stm32wlxx_hal_uart_ex.o
                0x0000000008004470                HAL_UARTEx_DisableFifoMode
 .text.HAL_UARTEx_SetTxFifoThreshold
                0x00000000080044e0       0x7c ./Drivers/STM32WLxx_HAL_Driver/stm32wlxx_hal_uart_ex.o
                0x00000000080044e0                HAL_UARTEx_SetTxFifoThreshold
 .text.HAL_UARTEx_SetRxFifoThreshold
                0x000000000800455c       0x7c ./Drivers/STM32WLxx_HAL_Driver/stm32wlxx_hal_uart_ex.o
                0x000000000800455c                HAL_UARTEx_SetRxFifoThreshold
 .text.HAL_UARTEx_ReceiveToIdle_DMA
                0x00000000080045d8       0xb8 ./Drivers/STM32WLxx_HAL_Driver/stm32wlxx_hal_uart_ex.o
                0x00000000080045d8                HAL_UARTEx_ReceiveToIdle_DMA
 .text.UARTEx_SetNbDataToProcess
                0x0000000008004690       0x98 ./Drivers/STM32WLxx_HAL_Driver/stm32wlxx_hal_uart_ex.o
 .text.__libc_init_array
                0x0000000008004728       0x48 c:/st/stm32cubeide_1.7.0/stm32cubeide/plugins/com.st.stm32cube.ide.mcu.externaltools.gnu-tools-for-stm32.10.3-2021.10.win32_1.0.0.202111181127/tools/bin/../lib/gcc/arm-none-eabi/10.3.1/../../../../arm-none-eabi/lib/thumb/v7e-m/nofp\libc_nano.a(lib_a-init.o)
                0x0000000008004728                __libc_init_array
 .text.memset   0x0000000008004770       0x10 c:/st/stm32cubeide_1.7.0/stm32cubeide/plugins/com.st.stm32cube.ide.mcu.externaltools.gnu-tools-for-stm32.10.3-2021.10.win32_1.0.0.202111181127/tools/bin/../lib/gcc/arm-none-eabi/10.3.1/../../../../arm-none-eabi/lib/thumb/v7e-m/nofp\libc_nano.a(lib_a-memset.o)
                0x0000000008004770                memset
 *(.glue_7)
 .glue_7        0x0000000008004780        0x0 linker stubs
 *(.glue_7t)
 .glue_7t       0x0000000008004780        0x0 linker stubs
 *(.eh_frame)
 .eh_frame      0x0000000008004780        0x0 c:/st/stm32cubeide_1.7.0/stm32cubeide/plugins/com.st.stm32cube.ide.mcu.externaltools.gnu-tools-for-stm32.10.3-2021.10.win32_1.0.0.202111181127/tools/bin/../lib/gcc/arm-none-eabi/10.3.1/thumb/v7e-m/nofp/crtbegin.o
 *(.init)
 .init          0x0000000008004780        0x4 c:/st/stm32cubeide_1.7.0/stm32cubeide/plugins/com.st.stm32cube.ide.mcu.externaltools.gnu-tools-for-stm32.10.3-2021.10.win32_1.0.0.202111181127/tools/bin/../lib/gcc/arm-none-eabi/10.3.1/thumb/v7e-m/nofp/crti.o
                0x0000000008004780                _init
 .init          0x0000000008004784        0x8 c:/st/stm32cubeide_1.7.0/stm32cubeide/plugins/com.st.stm32cube.ide.mcu.externaltools.gnu-tools-for-stm32.10.3-2021.10.win32_1.0.0.202111181127/tools/bin/../lib/gcc/arm-none-eabi/10.3.1/thumb/v7e-m/nofp/crtn.o
 *(.fini)
 .fini          0x000000000800478c        0x4 c:/st/stm32cubeide_1.7.0/stm32cubeide/plugins/com.st.stm32cube.ide.mcu.externaltools.gnu-tools-for-stm32.10.3-2021.10.win32_1.0.0.202111181127/tools/bin/../lib/gcc/arm-none-eabi/10.3.1/thumb/v7e-m/nofp/crti.o
                0x000000000800478c                _fini
 .fini          0x0000000008004790        0x8 c:/st/stm32cubeide_1.7.0/stm32cubeide/plugins/com.st.stm32cube.ide.mcu.externaltools.gnu-tools-for-stm32.10.3-2021.10.win32_1.0.0.202111181127/tools/bin/../lib/gcc/arm-none-eabi/10.3.1/thumb/v7e-m/nofp/crtn.o
                0x0000000008004798                . = ALIGN (0x4)
                0x0000000008004798                _etext = .

.vfp11_veneer   0x0000000008004798        0x0
 .vfp11_veneer  0x0000000008004798        0x0 linker stubs

.v4_bx          0x0000000008004798        0x0
 .v4_bx         0x0000000008004798        0x0 linker stubs

.iplt           0x0000000008004798        0x0
 .iplt          0x0000000008004798        0x0 c:/st/stm32cubeide_1.7.0/stm32cubeide/plugins/com.st.stm32cube.ide.mcu.externaltools.gnu-tools-for-stm32.10.3-2021.10.win32_1.0.0.202111181127/tools/bin/../lib/gcc/arm-none-eabi/10.3.1/thumb/v7e-m/nofp/crtbegin.o

.rodata         0x0000000008004798       0xe4
                0x0000000008004798                . = ALIGN (0x4)
 *(.rodata)
 .rodata        0x0000000008004798       0x1c ./Drivers/STM32WLxx_HAL_Driver/stm32wlxx_hal_rcc.o
 *(.rodata*)
 .rodata.AHBPrescTable
                0x00000000080047b4       0x40 ./Common/System/system_stm32wlxx.o
                0x00000000080047b4                AHBPrescTable
 .rodata.APBPrescTable
                0x00000000080047f4       0x20 ./Common/System/system_stm32wlxx.o
                0x00000000080047f4                APBPrescTable
 .rodata.MSIRangeTable
                0x0000000008004814       0x40 ./Common/System/system_stm32wlxx.o
                0x0000000008004814                MSIRangeTable
 .rodata.UARTPrescTable
                0x0000000008004854       0x18 ./Drivers/STM32WLxx_HAL_Driver/stm32wlxx_hal_uart.o
                0x0000000008004854                UARTPrescTable
 .rodata.numerator.1
                0x000000000800486c        0x8 ./Drivers/STM32WLxx_HAL_Driver/stm32wlxx_hal_uart_ex.o
 .rodata.denominator.0
                0x0000000008004874        0x8 ./Drivers/STM32WLxx_HAL_Driver/stm32wlxx_hal_uart_ex.o
                0x000000000800487c                . = ALIGN (0x4)

.ARM.extab      0x000000000800487c        0x0
                0x000000000800487c                . = ALIGN (0x4)
 *(.ARM.extab* .gnu.linkonce.armextab.*)
                0x000000000800487c                . = ALIGN (0x4)

.ARM            0x000000000800487c        0x8
                0x000000000800487c                . = ALIGN (0x4)
                0x000000000800487c                __exidx_start = .
 *(.ARM.exidx*)
 .ARM.exidx     0x000000000800487c        0x8 c:/st/stm32cubeide_1.7.0/stm32cubeide/plugins/com.st.stm32cube.ide.mcu.externaltools.gnu-tools-for-stm32.10.3-2021.10.win32_1.0.0.202111181127/tools/bin/../lib/gcc/arm-none-eabi/10.3.1/thumb/v7e-m/nofp\libgcc.a(_udivmoddi4.o)
                0x0000000008004884                __exidx_end = .
                0x0000000008004884                . = ALIGN (0x4)

.rel.dyn        0x0000000008004884        0x0
 .rel.iplt      0x0000000008004884        0x0 c:/st/stm32cubeide_1.7.0/stm32cubeide/plugins/com.st.stm32cube.ide.mcu.externaltools.gnu-tools-for-stm32.10.3-2021.10.win32_1.0.0.202111181127/tools/bin/../lib/gcc/arm-none-eabi/10.3.1/thumb/v7e-m/nofp/crtbegin.o

.preinit_array  0x0000000008004884        0x0
                0x0000000008004884                . = ALIGN (0x4)
                0x0000000008004884                PROVIDE (__preinit_array_start = .)
 *(.preinit_array*)
                0x0000000008004884                PROVIDE (__preinit_array_end = .)
                0x0000000008004884                . = ALIGN (0x4)

.init_array     0x0000000008004884        0x4
                0x0000000008004884                . = ALIGN (0x4)
                0x0000000008004884                PROVIDE (__init_array_start = .)
 *(SORT_BY_NAME(.init_array.*))
 *(.init_array*)
 .init_array    0x0000000008004884        0x4 c:/st/stm32cubeide_1.7.0/stm32cubeide/plugins/com.st.stm32cube.ide.mcu.externaltools.gnu-tools-for-stm32.10.3-2021.10.win32_1.0.0.202111181127/tools/bin/../lib/gcc/arm-none-eabi/10.3.1/thumb/v7e-m/nofp/crtbegin.o
                0x0000000008004888                PROVIDE (__init_array_end = .)
                0x0000000008004888                . = ALIGN (0x4)

.fini_array     0x0000000008004888        0x4
                0x0000000008004888                . = ALIGN (0x4)
                [!provide]                        PROVIDE (__fini_array_start = .)
 *(SORT_BY_NAME(.fini_array.*))
 *(.fini_array*)
 .fini_array    0x0000000008004888        0x4 c:/st/stm32cubeide_1.7.0/stm32cubeide/plugins/com.st.stm32cube.ide.mcu.externaltools.gnu-tools-for-stm32.10.3-2021.10.win32_1.0.0.202111181127/tools/bin/../lib/gcc/arm-none-eabi/10.3.1/thumb/v7e-m/nofp/crtbegin.o
                [!provide]                        PROVIDE (__fini_array_end = .)
                0x000000000800488c                . = ALIGN (0x4)
                0x000000000800488c                _sidata = LOADADDR (.data)

.data           0x0000000020000000       0x24 load address 0x000000000800488c
                0x0000000020000000                . = ALIGN (0x4)
                0x0000000020000000                _sdata = .
 *(.data)
 *(.data*)
 .data.SystemCoreClock
                0x0000000020000000        0x4 ./Common/System/system_stm32wlxx.o
                0x0000000020000000                SystemCoreClock
 .data.hello    0x0000000020000004       0x15 ./Core/Src/main.o
                0x0000000020000004                hello
 *fill*         0x0000000020000019        0x3 
 .data.uwTickPrio
                0x000000002000001c        0x4 ./Drivers/STM32WLxx_HAL_Driver/stm32wlxx_hal.o
                0x000000002000001c                uwTickPrio
 .data.uwTickFreq
                0x0000000020000020        0x1 ./Drivers/STM32WLxx_HAL_Driver/stm32wlxx_hal.o
                0x0000000020000020                uwTickFreq
 *(.RamFunc)
 *(.RamFunc*)
                0x0000000020000024                . = ALIGN (0x4)
 *fill*         0x0000000020000021        0x3 
                0x0000000020000024                _edata = .

.igot.plt       0x0000000020000024        0x0 load address 0x00000000080048b0
 .igot.plt      0x0000000020000024        0x0 c:/st/stm32cubeide_1.7.0/stm32cubeide/plugins/com.st.stm32cube.ide.mcu.externaltools.gnu-tools-for-stm32.10.3-2021.10.win32_1.0.0.202111181127/tools/bin/../lib/gcc/arm-none-eabi/10.3.1/thumb/v7e-m/nofp/crtbegin.o
                0x0000000020000024                . = ALIGN (0x4)

.bss            0x0000000020000024      0x398 load address 0x00000000080048b0
                0x0000000020000024                _sbss = .
                0x0000000020000024                __bss_start__ = _sbss
 *(.bss)
 .bss           0x0000000020000024       0x1c c:/st/stm32cubeide_1.7.0/stm32cubeide/plugins/com.st.stm32cube.ide.mcu.externaltools.gnu-tools-for-stm32.10.3-2021.10.win32_1.0.0.202111181127/tools/bin/../lib/gcc/arm-none-eabi/10.3.1/thumb/v7e-m/nofp/crtbegin.o
 *(.bss*)
 .bss.huart1    0x0000000020000040       0x90 ./Core/Src/main.o
                0x0000000020000040                huart1
 .bss.huart2    0x00000000200000d0       0x90 ./Core/Src/main.o
                0x00000000200000d0                huart2
 .bss.hdma_usart1_rx
                0x0000000020000160       0x60 ./Core/Src/main.o
                0x0000000020000160                hdma_usart1_rx
 .bss.uart_status
                0x00000000200001c0        0x1 ./Core/Src/main.o
                0x00000000200001c0                uart_status
 *fill*         0x00000000200001c1        0x3 
 .bss.rx_buff   0x00000000200001c4      0x1f4 ./Core/Src/main.o
                0x00000000200001c4                rx_buff
 .bss.uwTick    0x00000000200003b8        0x4 ./Drivers/STM32WLxx_HAL_Driver/stm32wlxx_hal.o
                0x00000000200003b8                uwTick
 *(COMMON)
                0x00000000200003bc                . = ALIGN (0x4)
                0x00000000200003bc                _ebss = .
                0x00000000200003bc                __bss_end__ = _ebss

._user_heap_stack
                0x00000000200003bc      0x604 load address 0x00000000080048b0
                0x00000000200003c0                . = ALIGN (0x8)
 *fill*         0x00000000200003bc        0x4 
                [!provide]                        PROVIDE (end = .)
                0x00000000200003c0                PROVIDE (_end = .)
                0x00000000200005c0                . = (. + _Min_Heap_Size)
 *fill*         0x00000000200003c0      0x200 
                0x00000000200009c0                . = (. + _Min_Stack_Size)
 *fill*         0x00000000200005c0      0x400 
                0x00000000200009c0                . = ALIGN (0x8)

/DISCARD/
 libc.a(*)
 libm.a(*)
 libgcc.a(*)

.ARM.attributes
                0x0000000000000000       0x2a
 *(.ARM.attributes)
 .ARM.attributes
                0x0000000000000000       0x1e c:/st/stm32cubeide_1.7.0/stm32cubeide/plugins/com.st.stm32cube.ide.mcu.externaltools.gnu-tools-for-stm32.10.3-2021.10.win32_1.0.0.202111181127/tools/bin/../lib/gcc/arm-none-eabi/10.3.1/thumb/v7e-m/nofp/crti.o
 .ARM.attributes
                0x000000000000001e       0x2e c:/st/stm32cubeide_1.7.0/stm32cubeide/plugins/com.st.stm32cube.ide.mcu.externaltools.gnu-tools-for-stm32.10.3-2021.10.win32_1.0.0.202111181127/tools/bin/../lib/gcc/arm-none-eabi/10.3.1/thumb/v7e-m/nofp/crtbegin.o
 .ARM.attributes
                0x000000000000004c       0x2e ./Common/System/system_stm32wlxx.o
 .ARM.attributes
                0x000000000000007a       0x2e ./Core/Src/main.o
 .ARM.attributes
                0x00000000000000a8       0x2e ./Core/Src/stm32wlxx_hal_msp.o
 .ARM.attributes
                0x00000000000000d6       0x2e ./Core/Src/stm32wlxx_it.o
 .ARM.attributes
                0x0000000000000104       0x21 ./Core/Startup/startup_stm32wl55jcix.o
 .ARM.attributes
                0x0000000000000125       0x2e ./Drivers/STM32WLxx_HAL_Driver/stm32wlxx_hal.o
 .ARM.attributes
                0x0000000000000153       0x2e ./Drivers/STM32WLxx_HAL_Driver/stm32wlxx_hal_cortex.o
 .ARM.attributes
                0x0000000000000181       0x2e ./Drivers/STM32WLxx_HAL_Driver/stm32wlxx_hal_dma.o
 .ARM.attributes
                0x00000000000001af       0x2e ./Drivers/STM32WLxx_HAL_Driver/stm32wlxx_hal_gpio.o
 .ARM.attributes
                0x00000000000001dd       0x2e ./Drivers/STM32WLxx_HAL_Driver/stm32wlxx_hal_pwr.o
 .ARM.attributes
                0x000000000000020b       0x2e ./Drivers/STM32WLxx_HAL_Driver/stm32wlxx_hal_pwr_ex.o
 .ARM.attributes
                0x0000000000000239       0x2e ./Drivers/STM32WLxx_HAL_Driver/stm32wlxx_hal_rcc.o
 .ARM.attributes
                0x0000000000000267       0x2e ./Drivers/STM32WLxx_HAL_Driver/stm32wlxx_hal_rcc_ex.o
 .ARM.attributes
                0x0000000000000295       0x2e ./Drivers/STM32WLxx_HAL_Driver/stm32wlxx_hal_uart.o
 .ARM.attributes
                0x00000000000002c3       0x2e ./Drivers/STM32WLxx_HAL_Driver/stm32wlxx_hal_uart_ex.o
 .ARM.attributes
                0x00000000000002f1       0x2e c:/st/stm32cubeide_1.7.0/stm32cubeide/plugins/com.st.stm32cube.ide.mcu.externaltools.gnu-tools-for-stm32.10.3-2021.10.win32_1.0.0.202111181127/tools/bin/../lib/gcc/arm-none-eabi/10.3.1/../../../../arm-none-eabi/lib/thumb/v7e-m/nofp\libc_nano.a(lib_a-init.o)
 .ARM.attributes
                0x000000000000031f       0x2e c:/st/stm32cubeide_1.7.0/stm32cubeide/plugins/com.st.stm32cube.ide.mcu.externaltools.gnu-tools-for-stm32.10.3-2021.10.win32_1.0.0.202111181127/tools/bin/../lib/gcc/arm-none-eabi/10.3.1/../../../../arm-none-eabi/lib/thumb/v7e-m/nofp\libc_nano.a(lib_a-memset.o)
 .ARM.attributes
                0x000000000000034d       0x17 c:/st/stm32cubeide_1.7.0/stm32cubeide/plugins/com.st.stm32cube.ide.mcu.externaltools.gnu-tools-for-stm32.10.3-2021.10.win32_1.0.0.202111181127/tools/bin/../lib/gcc/arm-none-eabi/10.3.1/../../../../arm-none-eabi/lib/thumb/v7e-m/nofp\libc_nano.a(lib_a-strlen.o)
 .ARM.attributes
                0x0000000000000364       0x1e c:/st/stm32cubeide_1.7.0/stm32cubeide/plugins/com.st.stm32cube.ide.mcu.externaltools.gnu-tools-for-stm32.10.3-2021.10.win32_1.0.0.202111181127/tools/bin/../lib/gcc/arm-none-eabi/10.3.1/thumb/v7e-m/nofp\libgcc.a(_aeabi_uldivmod.o)
 .ARM.attributes
                0x0000000000000382       0x2e c:/st/stm32cubeide_1.7.0/stm32cubeide/plugins/com.st.stm32cube.ide.mcu.externaltools.gnu-tools-for-stm32.10.3-2021.10.win32_1.0.0.202111181127/tools/bin/../lib/gcc/arm-none-eabi/10.3.1/thumb/v7e-m/nofp\libgcc.a(_udivmoddi4.o)
 .ARM.attributes
                0x00000000000003b0       0x1e c:/st/stm32cubeide_1.7.0/stm32cubeide/plugins/com.st.stm32cube.ide.mcu.externaltools.gnu-tools-for-stm32.10.3-2021.10.win32_1.0.0.202111181127/tools/bin/../lib/gcc/arm-none-eabi/10.3.1/thumb/v7e-m/nofp\libgcc.a(_dvmd_tls.o)
 .ARM.attributes
                0x00000000000003ce       0x1e c:/st/stm32cubeide_1.7.0/stm32cubeide/plugins/com.st.stm32cube.ide.mcu.externaltools.gnu-tools-for-stm32.10.3-2021.10.win32_1.0.0.202111181127/tools/bin/../lib/gcc/arm-none-eabi/10.3.1/thumb/v7e-m/nofp/crtn.o
OUTPUT(Test_Uart_005_CM4.elf elf32-littlearm)
LOAD linker stubs
LOAD c:/st/stm32cubeide_1.7.0/stm32cubeide/plugins/com.st.stm32cube.ide.mcu.externaltools.gnu-tools-for-stm32.10.3-2021.10.win32_1.0.0.202111181127/tools/bin/../lib/gcc/arm-none-eabi/10.3.1/../../../../arm-none-eabi/lib/thumb/v7e-m/nofp\libc.a
LOAD c:/st/stm32cubeide_1.7.0/stm32cubeide/plugins/com.st.stm32cube.ide.mcu.externaltools.gnu-tools-for-stm32.10.3-2021.10.win32_1.0.0.202111181127/tools/bin/../lib/gcc/arm-none-eabi/10.3.1/../../../../arm-none-eabi/lib/thumb/v7e-m/nofp\libm.a
LOAD c:/st/stm32cubeide_1.7.0/stm32cubeide/plugins/com.st.stm32cube.ide.mcu.externaltools.gnu-tools-for-stm32.10.3-2021.10.win32_1.0.0.202111181127/tools/bin/../lib/gcc/arm-none-eabi/10.3.1/thumb/v7e-m/nofp\libgcc.a

.debug_info     0x0000000000000000     0xfec5
 .debug_info    0x0000000000000000      0x566 ./Common/System/system_stm32wlxx.o
 .debug_info    0x0000000000000566     0x147b ./Core/Src/main.o
 .debug_info    0x00000000000019e1     0x116c ./Core/Src/stm32wlxx_hal_msp.o
 .debug_info    0x0000000000002b4d      0x8cc ./Core/Src/stm32wlxx_it.o
 .debug_info    0x0000000000003419       0x22 ./Core/Startup/startup_stm32wl55jcix.o
 .debug_info    0x000000000000343b     0x1209 ./Drivers/STM32WLxx_HAL_Driver/stm32wlxx_hal.o
 .debug_info    0x0000000000004644      0xdc3 ./Drivers/STM32WLxx_HAL_Driver/stm32wlxx_hal_cortex.o
 .debug_info    0x0000000000005407      0x9af ./Drivers/STM32WLxx_HAL_Driver/stm32wlxx_hal_dma.o
 .debug_info    0x0000000000005db6      0x79c ./Drivers/STM32WLxx_HAL_Driver/stm32wlxx_hal_gpio.o
 .debug_info    0x0000000000006552      0x912 ./Drivers/STM32WLxx_HAL_Driver/stm32wlxx_hal_pwr.o
 .debug_info    0x0000000000006e64      0xe53 ./Drivers/STM32WLxx_HAL_Driver/stm32wlxx_hal_pwr_ex.o
 .debug_info    0x0000000000007cb7     0x14c4 ./Drivers/STM32WLxx_HAL_Driver/stm32wlxx_hal_rcc.o
 .debug_info    0x000000000000917b     0x1217 ./Drivers/STM32WLxx_HAL_Driver/stm32wlxx_hal_rcc_ex.o
 .debug_info    0x000000000000a392     0x4adb ./Drivers/STM32WLxx_HAL_Driver/stm32wlxx_hal_uart.o
 .debug_info    0x000000000000ee6d     0x1058 ./Drivers/STM32WLxx_HAL_Driver/stm32wlxx_hal_uart_ex.o

.debug_abbrev   0x0000000000000000     0x22fc
 .debug_abbrev  0x0000000000000000      0x138 ./Common/System/system_stm32wlxx.o
 .debug_abbrev  0x0000000000000138      0x311 ./Core/Src/main.o
 .debug_abbrev  0x0000000000000449      0x241 ./Core/Src/stm32wlxx_hal_msp.o
 .debug_abbrev  0x000000000000068a      0x189 ./Core/Src/stm32wlxx_it.o
 .debug_abbrev  0x0000000000000813       0x12 ./Core/Startup/startup_stm32wl55jcix.o
 .debug_abbrev  0x0000000000000825      0x334 ./Drivers/STM32WLxx_HAL_Driver/stm32wlxx_hal.o
 .debug_abbrev  0x0000000000000b59      0x2d5 ./Drivers/STM32WLxx_HAL_Driver/stm32wlxx_hal_cortex.o
 .debug_abbrev  0x0000000000000e2e      0x21f ./Drivers/STM32WLxx_HAL_Driver/stm32wlxx_hal_dma.o
 .debug_abbrev  0x000000000000104d      0x1d9 ./Drivers/STM32WLxx_HAL_Driver/stm32wlxx_hal_gpio.o
 .debug_abbrev  0x0000000000001226      0x203 ./Drivers/STM32WLxx_HAL_Driver/stm32wlxx_hal_pwr.o
 .debug_abbrev  0x0000000000001429      0x2fa ./Drivers/STM32WLxx_HAL_Driver/stm32wlxx_hal_pwr_ex.o
 .debug_abbrev  0x0000000000001723      0x308 ./Drivers/STM32WLxx_HAL_Driver/stm32wlxx_hal_rcc.o
 .debug_abbrev  0x0000000000001a2b      0x2d7 ./Drivers/STM32WLxx_HAL_Driver/stm32wlxx_hal_rcc_ex.o
 .debug_abbrev  0x0000000000001d02      0x33d ./Drivers/STM32WLxx_HAL_Driver/stm32wlxx_hal_uart.o
 .debug_abbrev  0x000000000000203f      0x2bd ./Drivers/STM32WLxx_HAL_Driver/stm32wlxx_hal_uart_ex.o

.debug_aranges  0x0000000000000000      0xff0
 .debug_aranges
                0x0000000000000000       0x28 ./Common/System/system_stm32wlxx.o
 .debug_aranges
                0x0000000000000028       0x78 ./Core/Src/main.o
 .debug_aranges
                0x00000000000000a0       0x58 ./Core/Src/stm32wlxx_hal_msp.o
 .debug_aranges
                0x00000000000000f8       0x70 ./Core/Src/stm32wlxx_it.o
 .debug_aranges
                0x0000000000000168       0x28 ./Core/Startup/startup_stm32wl55jcix.o
 .debug_aranges
                0x0000000000000190      0x240 ./Drivers/STM32WLxx_HAL_Driver/stm32wlxx_hal.o
 .debug_aranges
                0x00000000000003d0      0x118 ./Drivers/STM32WLxx_HAL_Driver/stm32wlxx_hal_cortex.o
 .debug_aranges
                0x00000000000004e8       0xa0 ./Drivers/STM32WLxx_HAL_Driver/stm32wlxx_hal_dma.o
 .debug_aranges
                0x0000000000000588       0x60 ./Drivers/STM32WLxx_HAL_Driver/stm32wlxx_hal_gpio.o
 .debug_aranges
                0x00000000000005e8       0xc8 ./Drivers/STM32WLxx_HAL_Driver/stm32wlxx_hal_pwr.o
 .debug_aranges
                0x00000000000006b0      0x200 ./Drivers/STM32WLxx_HAL_Driver/stm32wlxx_hal_pwr_ex.o
 .debug_aranges
                0x00000000000008b0      0x250 ./Drivers/STM32WLxx_HAL_Driver/stm32wlxx_hal_rcc.o
 .debug_aranges
                0x0000000000000b00      0x1f8 ./Drivers/STM32WLxx_HAL_Driver/stm32wlxx_hal_rcc_ex.o
 .debug_aranges
                0x0000000000000cf8      0x258 ./Drivers/STM32WLxx_HAL_Driver/stm32wlxx_hal_uart.o
 .debug_aranges
                0x0000000000000f50       0xa0 ./Drivers/STM32WLxx_HAL_Driver/stm32wlxx_hal_uart_ex.o

.debug_ranges   0x0000000000000000      0xf38
 .debug_ranges  0x0000000000000000       0x18 ./Common/System/system_stm32wlxx.o
 .debug_ranges  0x0000000000000018       0x68 ./Core/Src/main.o
 .debug_ranges  0x0000000000000080       0x48 ./Core/Src/stm32wlxx_hal_msp.o
 .debug_ranges  0x00000000000000c8       0x60 ./Core/Src/stm32wlxx_it.o
 .debug_ranges  0x0000000000000128       0x20 ./Core/Startup/startup_stm32wl55jcix.o
 .debug_ranges  0x0000000000000148      0x230 ./Drivers/STM32WLxx_HAL_Driver/stm32wlxx_hal.o
 .debug_ranges  0x0000000000000378      0x108 ./Drivers/STM32WLxx_HAL_Driver/stm32wlxx_hal_cortex.o
 .debug_ranges  0x0000000000000480       0x90 ./Drivers/STM32WLxx_HAL_Driver/stm32wlxx_hal_dma.o
 .debug_ranges  0x0000000000000510       0x50 ./Drivers/STM32WLxx_HAL_Driver/stm32wlxx_hal_gpio.o
 .debug_ranges  0x0000000000000560       0xb8 ./Drivers/STM32WLxx_HAL_Driver/stm32wlxx_hal_pwr.o
 .debug_ranges  0x0000000000000618      0x1f0 ./Drivers/STM32WLxx_HAL_Driver/stm32wlxx_hal_pwr_ex.o
 .debug_ranges  0x0000000000000808      0x240 ./Drivers/STM32WLxx_HAL_Driver/stm32wlxx_hal_rcc.o
 .debug_ranges  0x0000000000000a48      0x1e8 ./Drivers/STM32WLxx_HAL_Driver/stm32wlxx_hal_rcc_ex.o
 .debug_ranges  0x0000000000000c30      0x278 ./Drivers/STM32WLxx_HAL_Driver/stm32wlxx_hal_uart.o
 .debug_ranges  0x0000000000000ea8       0x90 ./Drivers/STM32WLxx_HAL_Driver/stm32wlxx_hal_uart_ex.o

.debug_macro    0x0000000000000000    0x1bf04
 .debug_macro   0x0000000000000000      0x205 ./Common/System/system_stm32wlxx.o
 .debug_macro   0x0000000000000205      0xa72 ./Common/System/system_stm32wlxx.o
 .debug_macro   0x0000000000000c77       0x2e ./Common/System/system_stm32wlxx.o
 .debug_macro   0x0000000000000ca5       0x3a ./Common/System/system_stm32wlxx.o
 .debug_macro   0x0000000000000cdf       0x22 ./Common/System/system_stm32wlxx.o
 .debug_macro   0x0000000000000d01       0x8e ./Common/System/system_stm32wlxx.o
 .debug_macro   0x0000000000000d8f       0x51 ./Common/System/system_stm32wlxx.o
 .debug_macro   0x0000000000000de0      0x103 ./Common/System/system_stm32wlxx.o
 .debug_macro   0x0000000000000ee3       0x6a ./Common/System/system_stm32wlxx.o
 .debug_macro   0x0000000000000f4d      0x1df ./Common/System/system_stm32wlxx.o
 .debug_macro   0x000000000000112c       0x1c ./Common/System/system_stm32wlxx.o
 .debug_macro   0x0000000000001148       0x22 ./Common/System/system_stm32wlxx.o
 .debug_macro   0x000000000000116a       0xfb ./Common/System/system_stm32wlxx.o
 .debug_macro   0x0000000000001265     0x1011 ./Common/System/system_stm32wlxx.o
 .debug_macro   0x0000000000002276      0x11f ./Common/System/system_stm32wlxx.o
 .debug_macro   0x0000000000002395     0xf0e3 ./Common/System/system_stm32wlxx.o
 .debug_macro   0x0000000000011478       0x6d ./Common/System/system_stm32wlxx.o
 .debug_macro   0x00000000000114e5      0x11e ./Common/System/system_stm32wlxx.o
 .debug_macro   0x0000000000011603     0x341d ./Common/System/system_stm32wlxx.o
 .debug_macro   0x0000000000014a20      0x174 ./Common/System/system_stm32wlxx.o
 .debug_macro   0x0000000000014b94       0x5c ./Common/System/system_stm32wlxx.o
 .debug_macro   0x0000000000014bf0      0x416 ./Common/System/system_stm32wlxx.o
 .debug_macro   0x0000000000015006      0x29c ./Common/System/system_stm32wlxx.o
 .debug_macro   0x00000000000152a2      0x35a ./Common/System/system_stm32wlxx.o
 .debug_macro   0x00000000000155fc      0x196 ./Common/System/system_stm32wlxx.o
 .debug_macro   0x0000000000015792       0x4a ./Common/System/system_stm32wlxx.o
 .debug_macro   0x00000000000157dc      0x23d ./Common/System/system_stm32wlxx.o
 .debug_macro   0x0000000000015a19      0x229 ./Common/System/system_stm32wlxx.o
 .debug_macro   0x0000000000015c42      0x3fa ./Common/System/system_stm32wlxx.o
 .debug_macro   0x000000000001603c       0x2e ./Common/System/system_stm32wlxx.o
 .debug_macro   0x000000000001606a      0x107 ./Common/System/system_stm32wlxx.o
 .debug_macro   0x0000000000016171      0x1ba ./Common/System/system_stm32wlxx.o
 .debug_macro   0x000000000001632b       0xe6 ./Common/System/system_stm32wlxx.o
 .debug_macro   0x0000000000016411      0x283 ./Common/System/system_stm32wlxx.o
 .debug_macro   0x0000000000016694      0x133 ./Common/System/system_stm32wlxx.o
 .debug_macro   0x00000000000167c7      0x36f ./Common/System/system_stm32wlxx.o
 .debug_macro   0x0000000000016b36      0x683 ./Common/System/system_stm32wlxx.o
 .debug_macro   0x00000000000171b9      0x20e ./Common/System/system_stm32wlxx.o
 .debug_macro   0x00000000000173c7      0xfb4 ./Common/System/system_stm32wlxx.o
 .debug_macro   0x000000000001837b      0x136 ./Common/System/system_stm32wlxx.o
 .debug_macro   0x00000000000184b1      0x2db ./Common/System/system_stm32wlxx.o
 .debug_macro   0x000000000001878c      0x67e ./Common/System/system_stm32wlxx.o
 .debug_macro   0x0000000000018e0a       0xa6 ./Common/System/system_stm32wlxx.o
 .debug_macro   0x0000000000018eb0      0x45a ./Common/System/system_stm32wlxx.o
 .debug_macro   0x000000000001930a      0x3a9 ./Common/System/system_stm32wlxx.o
 .debug_macro   0x00000000000196b3      0x3af ./Core/Src/main.o
 .debug_macro   0x0000000000019a62       0x1c ./Core/Src/main.o
 .debug_macro   0x0000000000019a7e       0x52 ./Core/Src/main.o
 .debug_macro   0x0000000000019ad0       0x18 ./Core/Src/main.o
 .debug_macro   0x0000000000019ae8       0x3c ./Core/Src/main.o
 .debug_macro   0x0000000000019b24       0x34 ./Core/Src/main.o
 .debug_macro   0x0000000000019b58       0x16 ./Core/Src/main.o
 .debug_macro   0x0000000000019b6e       0x35 ./Core/Src/main.o
 .debug_macro   0x0000000000019ba3      0x341 ./Core/Src/main.o
 .debug_macro   0x0000000000019ee4       0x10 ./Core/Src/main.o
 .debug_macro   0x0000000000019ef4       0x16 ./Core/Src/main.o
 .debug_macro   0x0000000000019f0a       0x43 ./Core/Src/main.o
 .debug_macro   0x0000000000019f4d       0x34 ./Core/Src/main.o
 .debug_macro   0x0000000000019f81       0x10 ./Core/Src/main.o
 .debug_macro   0x0000000000019f91       0x58 ./Core/Src/main.o
 .debug_macro   0x0000000000019fe9       0x71 ./Core/Src/main.o
 .debug_macro   0x000000000001a05a       0x1c ./Core/Src/main.o
 .debug_macro   0x000000000001a076      0x12a ./Core/Src/main.o
 .debug_macro   0x000000000001a1a0       0x10 ./Core/Src/main.o
 .debug_macro   0x000000000001a1b0       0x1c ./Core/Src/main.o
 .debug_macro   0x000000000001a1cc       0x52 ./Core/Src/main.o
 .debug_macro   0x000000000001a21e       0x22 ./Core/Src/main.o
 .debug_macro   0x000000000001a240       0x10 ./Core/Src/main.o
 .debug_macro   0x000000000001a250       0x52 ./Core/Src/main.o
 .debug_macro   0x000000000001a2a2       0xd5 ./Core/Src/main.o
 .debug_macro   0x000000000001a377       0x1c ./Core/Src/main.o
 .debug_macro   0x000000000001a393       0x3d ./Core/Src/main.o
 .debug_macro   0x000000000001a3d0       0x16 ./Core/Src/main.o
 .debug_macro   0x000000000001a3e6      0x145 ./Core/Src/main.o
 .debug_macro   0x000000000001a52b       0x16 ./Core/Src/main.o
 .debug_macro   0x000000000001a541       0x20 ./Core/Src/main.o
 .debug_macro   0x000000000001a561      0x214 ./Core/Src/stm32wlxx_hal_msp.o
 .debug_macro   0x000000000001a775      0x21e ./Core/Src/stm32wlxx_it.o
 .debug_macro   0x000000000001a993      0x229 ./Drivers/STM32WLxx_HAL_Driver/stm32wlxx_hal.o
 .debug_macro   0x000000000001abbc      0x205 ./Drivers/STM32WLxx_HAL_Driver/stm32wlxx_hal_cortex.o
 .debug_macro   0x000000000001adc1      0x205 ./Drivers/STM32WLxx_HAL_Driver/stm32wlxx_hal_dma.o
 .debug_macro   0x000000000001afc6      0x20b ./Drivers/STM32WLxx_HAL_Driver/stm32wlxx_hal_gpio.o
 .debug_macro   0x000000000001b1d1      0x25f ./Drivers/STM32WLxx_HAL_Driver/stm32wlxx_hal_pwr.o
 .debug_macro   0x000000000001b430      0x217 ./Drivers/STM32WLxx_HAL_Driver/stm32wlxx_hal_pwr_ex.o
 .debug_macro   0x000000000001b647      0x265 ./Drivers/STM32WLxx_HAL_Driver/stm32wlxx_hal_rcc.o
 .debug_macro   0x000000000001b8ac      0x217 ./Drivers/STM32WLxx_HAL_Driver/stm32wlxx_hal_rcc_ex.o
 .debug_macro   0x000000000001bac3      0x230 ./Drivers/STM32WLxx_HAL_Driver/stm32wlxx_hal_uart.o
 .debug_macro   0x000000000001bcf3      0x211 ./Drivers/STM32WLxx_HAL_Driver/stm32wlxx_hal_uart_ex.o

.debug_line     0x0000000000000000     0xe9db
 .debug_line    0x0000000000000000      0x7e9 ./Common/System/system_stm32wlxx.o
 .debug_line    0x00000000000007e9      0xb94 ./Core/Src/main.o
 .debug_line    0x000000000000137d      0x893 ./Core/Src/stm32wlxx_hal_msp.o
 .debug_line    0x0000000000001c10      0x820 ./Core/Src/stm32wlxx_it.o
 .debug_line    0x0000000000002430       0x89 ./Core/Startup/startup_stm32wl55jcix.o
 .debug_line    0x00000000000024b9      0xefd ./Drivers/STM32WLxx_HAL_Driver/stm32wlxx_hal.o
 .debug_line    0x00000000000033b6      0xce4 ./Drivers/STM32WLxx_HAL_Driver/stm32wlxx_hal_cortex.o
 .debug_line    0x000000000000409a      0xf43 ./Drivers/STM32WLxx_HAL_Driver/stm32wlxx_hal_dma.o
 .debug_line    0x0000000000004fdd      0xb59 ./Drivers/STM32WLxx_HAL_Driver/stm32wlxx_hal_gpio.o
 .debug_line    0x0000000000005b36      0x9dd ./Drivers/STM32WLxx_HAL_Driver/stm32wlxx_hal_pwr.o
 .debug_line    0x0000000000006513      0xebb ./Drivers/STM32WLxx_HAL_Driver/stm32wlxx_hal_pwr_ex.o
 .debug_line    0x00000000000073ce     0x17ee ./Drivers/STM32WLxx_HAL_Driver/stm32wlxx_hal_rcc.o
 .debug_line    0x0000000000008bbc     0x1430 ./Drivers/STM32WLxx_HAL_Driver/stm32wlxx_hal_rcc_ex.o
 .debug_line    0x0000000000009fec     0x3c0d ./Drivers/STM32WLxx_HAL_Driver/stm32wlxx_hal_uart.o
 .debug_line    0x000000000000dbf9      0xde2 ./Drivers/STM32WLxx_HAL_Driver/stm32wlxx_hal_uart_ex.o

.debug_str      0x0000000000000000    0xafc14
 .debug_str     0x0000000000000000    0xa7261 ./Common/System/system_stm32wlxx.o
                                      0xa7833 (size before relaxing)
 .debug_str     0x00000000000a7261     0x4ba5 ./Core/Src/main.o
                                      0xac38e (size before relaxing)
 .debug_str     0x00000000000abe06      0x2e9 ./Core/Src/stm32wlxx_hal_msp.o
                                      0xa84a6 (size before relaxing)
 .debug_str     0x00000000000ac0ef      0x11b ./Core/Src/stm32wlxx_it.o
                                      0xa7c2e (size before relaxing)
 .debug_str     0x00000000000ac20a       0x36 ./Core/Startup/startup_stm32wl55jcix.o
                                         0x66 (size before relaxing)
 .debug_str     0x00000000000ac240      0x911 ./Drivers/STM32WLxx_HAL_Driver/stm32wlxx_hal.o
                                      0xa8616 (size before relaxing)
 .debug_str     0x00000000000acb51      0x394 ./Drivers/STM32WLxx_HAL_Driver/stm32wlxx_hal_cortex.o
                                      0xa7f14 (size before relaxing)
 .debug_str     0x00000000000acee5      0x2d5 ./Drivers/STM32WLxx_HAL_Driver/stm32wlxx_hal_dma.o
                                      0xa7be3 (size before relaxing)
 .debug_str     0x00000000000ad1ba      0x1ab ./Drivers/STM32WLxx_HAL_Driver/stm32wlxx_hal_gpio.o
                                      0xa7887 (size before relaxing)
 .debug_str     0x00000000000ad365      0x550 ./Drivers/STM32WLxx_HAL_Driver/stm32wlxx_hal_pwr.o
                                      0xa7c86 (size before relaxing)
 .debug_str     0x00000000000ad8b5      0x6c7 ./Drivers/STM32WLxx_HAL_Driver/stm32wlxx_hal_pwr_ex.o
                                      0xa7fe6 (size before relaxing)
 .debug_str     0x00000000000adf7c      0xb08 ./Drivers/STM32WLxx_HAL_Driver/stm32wlxx_hal_rcc.o
                                      0xa862c (size before relaxing)
 .debug_str     0x00000000000aea84      0x585 ./Drivers/STM32WLxx_HAL_Driver/stm32wlxx_hal_rcc_ex.o
                                      0xa8260 (size before relaxing)
 .debug_str     0x00000000000af009      0x9b4 ./Drivers/STM32WLxx_HAL_Driver/stm32wlxx_hal_uart.o
                                      0xa8844 (size before relaxing)
 .debug_str     0x00000000000af9bd      0x257 ./Drivers/STM32WLxx_HAL_Driver/stm32wlxx_hal_uart_ex.o
                                      0xa7f23 (size before relaxing)

.comment        0x0000000000000000       0x50
 .comment       0x0000000000000000       0x50 ./Common/System/system_stm32wlxx.o
                                         0x51 (size before relaxing)
 .comment       0x0000000000000050       0x51 ./Core/Src/main.o
 .comment       0x0000000000000050       0x51 ./Core/Src/stm32wlxx_hal_msp.o
 .comment       0x0000000000000050       0x51 ./Core/Src/stm32wlxx_it.o
 .comment       0x0000000000000050       0x51 ./Drivers/STM32WLxx_HAL_Driver/stm32wlxx_hal.o
 .comment       0x0000000000000050       0x51 ./Drivers/STM32WLxx_HAL_Driver/stm32wlxx_hal_cortex.o
 .comment       0x0000000000000050       0x51 ./Drivers/STM32WLxx_HAL_Driver/stm32wlxx_hal_dma.o
 .comment       0x0000000000000050       0x51 ./Drivers/STM32WLxx_HAL_Driver/stm32wlxx_hal_gpio.o
 .comment       0x0000000000000050       0x51 ./Drivers/STM32WLxx_HAL_Driver/stm32wlxx_hal_pwr.o
 .comment       0x0000000000000050       0x51 ./Drivers/STM32WLxx_HAL_Driver/stm32wlxx_hal_pwr_ex.o
 .comment       0x0000000000000050       0x51 ./Drivers/STM32WLxx_HAL_Driver/stm32wlxx_hal_rcc.o
 .comment       0x0000000000000050       0x51 ./Drivers/STM32WLxx_HAL_Driver/stm32wlxx_hal_rcc_ex.o
 .comment       0x0000000000000050       0x51 ./Drivers/STM32WLxx_HAL_Driver/stm32wlxx_hal_uart.o
 .comment       0x0000000000000050       0x51 ./Drivers/STM32WLxx_HAL_Driver/stm32wlxx_hal_uart_ex.o

.debug_frame    0x0000000000000000     0x41e4
 .debug_frame   0x0000000000000000       0x58 ./Common/System/system_stm32wlxx.o
 .debug_frame   0x0000000000000058      0x198 ./Core/Src/main.o
 .debug_frame   0x00000000000001f0      0x140 ./Core/Src/stm32wlxx_hal_msp.o
 .debug_frame   0x0000000000000330      0x13c ./Core/Src/stm32wlxx_it.o
 .debug_frame   0x000000000000046c      0x948 ./Drivers/STM32WLxx_HAL_Driver/stm32wlxx_hal.o
 .debug_frame   0x0000000000000db4      0x498 ./Drivers/STM32WLxx_HAL_Driver/stm32wlxx_hal_cortex.o
 .debug_frame   0x000000000000124c      0x29c ./Drivers/STM32WLxx_HAL_Driver/stm32wlxx_hal_dma.o
 .debug_frame   0x00000000000014e8      0x174 ./Drivers/STM32WLxx_HAL_Driver/stm32wlxx_hal_gpio.o
 .debug_frame   0x000000000000165c      0x31c ./Drivers/STM32WLxx_HAL_Driver/stm32wlxx_hal_pwr.o
 .debug_frame   0x0000000000001978      0x894 ./Drivers/STM32WLxx_HAL_Driver/stm32wlxx_hal_pwr_ex.o
 .debug_frame   0x000000000000220c      0x974 ./Drivers/STM32WLxx_HAL_Driver/stm32wlxx_hal_rcc.o
 .debug_frame   0x0000000000002b80      0x838 ./Drivers/STM32WLxx_HAL_Driver/stm32wlxx_hal_rcc_ex.o
 .debug_frame   0x00000000000033b8      0xae4 ./Drivers/STM32WLxx_HAL_Driver/stm32wlxx_hal_uart.o
 .debug_frame   0x0000000000003e9c      0x29c ./Drivers/STM32WLxx_HAL_Driver/stm32wlxx_hal_uart_ex.o
 .debug_frame   0x0000000000004138       0x2c c:/st/stm32cubeide_1.7.0/stm32cubeide/plugins/com.st.stm32cube.ide.mcu.externaltools.gnu-tools-for-stm32.10.3-2021.10.win32_1.0.0.202111181127/tools/bin/../lib/gcc/arm-none-eabi/10.3.1/../../../../arm-none-eabi/lib/thumb/v7e-m/nofp\libc_nano.a(lib_a-init.o)
 .debug_frame   0x0000000000004164       0x20 c:/st/stm32cubeide_1.7.0/stm32cubeide/plugins/com.st.stm32cube.ide.mcu.externaltools.gnu-tools-for-stm32.10.3-2021.10.win32_1.0.0.202111181127/tools/bin/../lib/gcc/arm-none-eabi/10.3.1/../../../../arm-none-eabi/lib/thumb/v7e-m/nofp\libc_nano.a(lib_a-memset.o)
 .debug_frame   0x0000000000004184       0x2c c:/st/stm32cubeide_1.7.0/stm32cubeide/plugins/com.st.stm32cube.ide.mcu.externaltools.gnu-tools-for-stm32.10.3-2021.10.win32_1.0.0.202111181127/tools/bin/../lib/gcc/arm-none-eabi/10.3.1/thumb/v7e-m/nofp\libgcc.a(_aeabi_uldivmod.o)
 .debug_frame   0x00000000000041b0       0x34 c:/st/stm32cubeide_1.7.0/stm32cubeide/plugins/com.st.stm32cube.ide.mcu.externaltools.gnu-tools-for-stm32.10.3-2021.10.win32_1.0.0.202111181127/tools/bin/../lib/gcc/arm-none-eabi/10.3.1/thumb/v7e-m/nofp\libgcc.a(_udivmoddi4.o)
