../../Drivers/STM32WLxx_HAL_Driver/Inc/stm32wlxx_ll_rcc.h:1257:22:LL_RCC_LSE_SetDriveCapability	16	static
../../Drivers/STM32WLxx_HAL_Driver/Inc/stm32wlxx_ll_bus.h:287:22:LL_AHB1_GRP1_EnableClock	24	static
../../Drivers/STM32WLxx_HAL_Driver/Inc/stm32wlxx_ll_bus.h:449:22:LL_AHB2_GRP1_EnableClock	24	static
../Core/Src/main.c:74:5:main	8	static
../Core/Src/main.c:124:6:SystemClock_Config	112	static
../Core/Src/main.c:174:13:MX_USART1_UART_Init	8	static
../Core/Src/main.c:222:13:MX_USART2_UART_Init	8	static
../Core/Src/main.c:268:13:MX_DMA_Init	8	static
../Core/Src/main.c:287:13:MX_GPIO_Init	8	static
../Core/Src/main.c:298:6:HAL_UARTEx_RxEventCallback	24	static
../Core/Src/main.c:313:7:cpy_buff	24	static
../Core/Src/main.c:343:6:Error_Handler	4	static,ignoring_inline_asm
